                                 Started job on |	Dec 26 12:14:04
                             Started mapping on |	Dec 26 12:19:18
                                    Finished on |	Dec 26 12:20:19
       Mapping speed, Million of reads per hour |	0.84

                          Number of input reads |	14282
                      Average input read length |	200
                                    UNIQUE READS:
                   Uniquely mapped reads number |	13902
                        Uniquely mapped reads % |	97.34%
                          Average mapped length |	198.98
                       Number of splices: Total |	6701
            Number of splices: Annotated (sjdb) |	6190
                       Number of splices: GT/AG |	6402
                       Number of splices: GC/AG |	145
                       Number of splices: AT/AC |	0
               Number of splices: Non-canonical |	154
                      Mismatch rate per base, % |	0.74%
                         Deletion rate per base |	0.00%
                        Deletion average length |	1.00
                        Insertion rate per base |	0.00%
                       Insertion average length |	1.00
                             MULTI-MAPPING READS:
        Number of reads mapped to multiple loci |	212
             % of reads mapped to multiple loci |	1.48%
        Number of reads mapped to too many loci |	34
             % of reads mapped to too many loci |	0.24%
                                  UNMAPPED READS:
       % of reads unmapped: too many mismatches |	0.00%
                 % of reads unmapped: too short |	0.67%
                     % of reads unmapped: other |	0.27%
                                  CHIMERIC READS:
                       Number of chimeric reads |	85
                            % of chimeric reads |	0.60%
